C:\Users\251486\Documents\A05\wiatrak\lpc17xx_xpr_bb_140609.zip_expanded\Lib_CMSISv1p30_LPC17xx\inc/core_cm3.h:1586:22:NVIC_SetPriority	16	static
C:\Users\251486\Documents\A05\wiatrak\lpc17xx_xpr_bb_140609.zip_expanded\Lib_CMSISv1p30_LPC17xx\inc/core_cm3.h:1694:26:SysTick_Config	16	static
../src/main.c:45:6:PWM_Init	4	static
../src/main.c:63:6:adc_init	16	static
../src/main.c:86:10:Read_Potentiometer	8	static
../src/main.c:104:13:Timer0_Init	4	static
../src/main.c:119:6:delayms	16	static
../src/main.c:137:6:SysTick_Handler	4	static
../src/main.c:150:17:getTicks	4	static
../src/main.c:162:13:init_ssp	40	static
../src/main.c:194:13:init_i2c	16	static
../src/main.c:223:13:intToString	32	static
../src/main.c:265:6:update_display	32	static
../src/main.c:293:6:joystic_colors	16	static
../src/main.c:344:6:screen_init	16	static
../src/main.c:391:6:update_screen_mode	32	static
../src/main.c:412:5:main	32	static
