Archive member included to satisfy reference by file (symbol)

C:\Users\251486\Documents\A05\wiatrak\lpc17xx_xpr_bb_140609.zip_expanded\Lib_CMSISv1p30_LPC17xx\Debug\libCMSISv1p30_LPC17xx.a(system_LPC17xx.o)
                              ./src/main.o (SystemCoreClock)
C:\Users\251486\Documents\A05\wiatrak\lpc17xx_xpr_bb_140609.zip_expanded\Lib_EaBaseBoard\Debug\libLib_EaBaseBoard.a(joystick.o)
                              ./src/main.o (joystick_init)
C:\Users\251486\Documents\A05\wiatrak\lpc17xx_xpr_bb_140609.zip_expanded\Lib_EaBaseBoard\Debug\libLib_EaBaseBoard.a(light.o)
                              ./src/main.o (light_enable)
C:\Users\251486\Documents\A05\wiatrak\lpc17xx_xpr_bb_140609.zip_expanded\Lib_EaBaseBoard\Debug\libLib_EaBaseBoard.a(oled.o)
                              ./src/main.o (oled_init)
C:\Users\251486\Documents\A05\wiatrak\lpc17xx_xpr_bb_140609.zip_expanded\Lib_EaBaseBoard\Debug\libLib_EaBaseBoard.a(rgb.o)
                              ./src/main.o (rgb_init)
C:\Users\251486\Documents\A05\wiatrak\lpc17xx_xpr_bb_140609.zip_expanded\Lib_EaBaseBoard\Debug\libLib_EaBaseBoard.a(temp.o)
                              ./src/main.o (temp_init)
C:\Users\251486\Documents\A05\wiatrak\lpc17xx_xpr_bb_140609.zip_expanded\Lib_EaBaseBoard\Debug\libLib_EaBaseBoard.a(font5x7.o)
                              C:\Users\251486\Documents\A05\wiatrak\lpc17xx_xpr_bb_140609.zip_expanded\Lib_EaBaseBoard\Debug\libLib_EaBaseBoard.a(oled.o) (font5x7)
C:\Users\251486\Documents\A05\wiatrak\lpc17xx_xpr_bb_140609.zip_expanded\Lib_MCU\Debug\libLib_MCU.a(lpc17xx_adc.o)
                              ./src/main.o (ADC_Init)
C:\Users\251486\Documents\A05\wiatrak\lpc17xx_xpr_bb_140609.zip_expanded\Lib_MCU\Debug\libLib_MCU.a(lpc17xx_clkpwr.o)
                              C:\Users\251486\Documents\A05\wiatrak\lpc17xx_xpr_bb_140609.zip_expanded\Lib_MCU\Debug\libLib_MCU.a(lpc17xx_adc.o) (CLKPWR_GetPCLK)
C:\Users\251486\Documents\A05\wiatrak\lpc17xx_xpr_bb_140609.zip_expanded\Lib_MCU\Debug\libLib_MCU.a(lpc17xx_gpio.o)
                              C:\Users\251486\Documents\A05\wiatrak\lpc17xx_xpr_bb_140609.zip_expanded\Lib_EaBaseBoard\Debug\libLib_EaBaseBoard.a(joystick.o) (GPIO_SetDir)
C:\Users\251486\Documents\A05\wiatrak\lpc17xx_xpr_bb_140609.zip_expanded\Lib_MCU\Debug\libLib_MCU.a(lpc17xx_i2c.o)
                              ./src/main.o (I2C_Init)
C:\Users\251486\Documents\A05\wiatrak\lpc17xx_xpr_bb_140609.zip_expanded\Lib_MCU\Debug\libLib_MCU.a(lpc17xx_libcfg_default.o)
                              C:\Users\251486\Documents\A05\wiatrak\lpc17xx_xpr_bb_140609.zip_expanded\Lib_MCU\Debug\libLib_MCU.a(lpc17xx_adc.o) (check_failed)
C:\Users\251486\Documents\A05\wiatrak\lpc17xx_xpr_bb_140609.zip_expanded\Lib_MCU\Debug\libLib_MCU.a(lpc17xx_pinsel.o)
                              ./src/main.o (PINSEL_ConfigPin)
C:\Users\251486\Documents\A05\wiatrak\lpc17xx_xpr_bb_140609.zip_expanded\Lib_MCU\Debug\libLib_MCU.a(lpc17xx_ssp.o)
                              ./src/main.o (SSP_Init)
c:/nxp/mcuxpressoide_11.9.1_2170/ide/plugins/com.nxp.mcuxpresso.tools.win32_11.9.1.202402080819/tools/bin/../lib/gcc/arm-none-eabi/12.3.1/thumb/v7-m/nofp\libgcc.a(_aeabi_uldivmod.o)
                              C:\Users\251486\Documents\A05\wiatrak\lpc17xx_xpr_bb_140609.zip_expanded\Lib_CMSISv1p30_LPC17xx\Debug\libCMSISv1p30_LPC17xx.a(system_LPC17xx.o) (__aeabi_uldivmod)
c:/nxp/mcuxpressoide_11.9.1_2170/ide/plugins/com.nxp.mcuxpresso.tools.win32_11.9.1.202402080819/tools/bin/../lib/gcc/arm-none-eabi/12.3.1/thumb/v7-m/nofp\libgcc.a(_udivmoddi4.o)
                              c:/nxp/mcuxpressoide_11.9.1_2170/ide/plugins/com.nxp.mcuxpresso.tools.win32_11.9.1.202402080819/tools/bin/../lib/gcc/arm-none-eabi/12.3.1/thumb/v7-m/nofp\libgcc.a(_aeabi_uldivmod.o) (__udivmoddi4)
c:/nxp/mcuxpressoide_11.9.1_2170/ide/plugins/com.nxp.mcuxpresso.tools.win32_11.9.1.202402080819/tools/bin/../lib/gcc/arm-none-eabi/12.3.1/thumb/v7-m/nofp\libgcc.a(_dvmd_tls.o)
                              c:/nxp/mcuxpressoide_11.9.1_2170/ide/plugins/com.nxp.mcuxpresso.tools.win32_11.9.1.202402080819/tools/bin/../lib/gcc/arm-none-eabi/12.3.1/thumb/v7-m/nofp\libgcc.a(_aeabi_uldivmod.o) (__aeabi_ldiv0)
c:/nxp/mcuxpressoide_11.9.1_2170/ide/plugins/com.nxp.mcuxpresso.tools.win32_11.9.1.202402080819/tools/bin/../lib/gcc/arm-none-eabi/12.3.1/thumb/v7-m/nofp\libc.a(libc_a-memset.o)
                              C:\Users\251486\Documents\A05\wiatrak\lpc17xx_xpr_bb_140609.zip_expanded\Lib_EaBaseBoard\Debug\libLib_EaBaseBoard.a(oled.o) (memset)

Discarded input sections

 .group         0x00000000        0xc ./src/cr_startup_lpc17.o
 .group         0x00000000        0xc ./src/cr_startup_lpc17.o
 .group         0x00000000        0xc ./src/cr_startup_lpc17.o
 .group         0x00000000        0xc ./src/cr_startup_lpc17.o
 .group         0x00000000        0xc ./src/cr_startup_lpc17.o
 .group         0x00000000        0xc ./src/cr_startup_lpc17.o
[...]
Memory Configuration

Name             Origin             Length             Attributes
MFlash512        0x00000000         0x00080000         xr
RamLoc32         0x10000000         0x00008000         xrw
RamAHB32         0x2007c000         0x00008000         xrw
*default*        0x00000000         0xffffffff

Linker script and memory map

LOAD ./src/cr_startup_lpc17.o
LOAD ./src/main.o
LOAD C:\Users\251486\Documents\A05\wiatrak\lpc17xx_xpr_bb_140609.zip_expanded\Lib_CMSISv1p30_LPC17xx\Debug\libCMSISv1p30_LPC17xx.a
LOAD C:\Users\251486\Documents\A05\wiatrak\lpc17xx_xpr_bb_140609.zip_expanded\Lib_EaBaseBoard\Debug\libLib_EaBaseBoard.a
LOAD C:\Users\251486\Documents\A05\wiatrak\lpc17xx_xpr_bb_140609.zip_expanded\Lib_MCU\Debug\libLib_MCU.a
START GROUP
LOAD c:/nxp/mcuxpressoide_11.9.1_2170/ide/plugins/com.nxp.mcuxpresso.tools.win32_11.9.1.202402080819/tools/bin/../lib/gcc/arm-none-eabi/12.3.1/thumb/v7-m/nofp\libgcc.a
LOAD c:/nxp/mcuxpressoide_11.9.1_2170/ide/plugins/com.nxp.mcuxpresso.tools.win32_11.9.1.202402080819/tools/bin/../lib/gcc/arm-none-eabi/12.3.1/thumb/v7-m/nofp\libc.a
LOAD c:/nxp/mcuxpressoide_11.9.1_2170/ide/plugins/com.nxp.mcuxpresso.tools.win32_11.9.1.202402080819/tools/bin/../lib/gcc/arm-none-eabi/12.3.1/thumb/v7-m/nofp\libm.a
LOAD c:/nxp/mcuxpressoide_11.9.1_2170/ide/plugins/com.nxp.mcuxpresso.tools.win32_11.9.1.202402080819/tools/bin/../lib/gcc/arm-none-eabi/12.3.1/../../../../arm-none-eabi/lib/thumb/v7-m/nofp\libcr_newlib_semihost.a
END GROUP
                0x00000000                        __base_MFlash512 = 0x0
                0x00000000                        __base_Flash = 0x0
                0x00080000                        __top_MFlash512 = 0x80000
                0x00080000                        __top_Flash = 0x80000
                0x10000000                        __base_RamLoc32 = 0x10000000
                0x10000000                        __base_RAM = 0x10000000
                0x10008000                        __top_RamLoc32 = 0x10008000
                0x10008000                        __top_RAM = 0x10008000
                0x2007c000                        __base_RamAHB32 = 0x2007c000
                0x2007c000                        __base_RAM2 = 0x2007c000
                0x20084000                        __top_RamAHB32 = 0x20084000
                0x20084000                        __top_RAM2 = 0x20084000

.text           0x00000000     0x2cd4
 FILL mask 0xff
                0x00000000                        __vectors_start__ = ABSOLUTE (.)
 *(.isr_vector)
 .isr_vector    0x00000000       0xcc ./src/cr_startup_lpc17.o
                0x00000000                g_pfnVectors
                0x000000cc                        . = ALIGN (0x4)
                0x000000cc                        __section_table_start = .
                0x000000cc                        __data_section_table = .
                0x000000cc        0x4 LONG 0x2cd4 LOADADDR (.data)
                0x000000d0        0x4 LONG 0x10000000 ADDR (.data)
                0x000000d4        0x4 LONG 0x14 SIZEOF (.data)
                0x000000d8        0x4 LONG 0x2cd4 LOADADDR (.data_RAM2)
                0x000000dc        0x4 LONG 0x2007c000 ADDR (.data_RAM2)
                0x000000e0        0x4 LONG 0x0 SIZEOF (.data_RAM2)
                0x000000e4                        __data_section_table_end = .
                0x000000e4                        __bss_section_table = .
                0x000000e4        0x4 LONG 0x10000014 ADDR (.bss)
                0x000000e8        0x4 LONG 0x348 SIZEOF (.bss)
                0x000000ec        0x4 LONG 0x2007c000 ADDR (.bss_RAM2)
                0x000000f0        0x4 LONG 0x0 SIZEOF (.bss_RAM2)
                0x000000f4                        __bss_section_table_end = .
                0x000000f4                        __section_table_end = .
 *(.after_vectors*)
 *(.text*)
 .text.ResetISR
                0x000000f4       0x5c ./src/cr_startup_lpc17.o
                0x000000f4                ResetISR
 .text.NMI_Handler
                0x00000150        0x8 ./src/cr_startup_lpc17.o
                0x00000150                NMI_Handler
 .text.HardFault_Handler
                0x00000158        0x8 ./src/cr_startup_lpc17.o
                0x00000158                HardFault_Handler
 .text.MemManage_Handler
                0x00000160        0x8 ./src/cr_startup_lpc17.o
                0x00000160                MemManage_Handler
 .text.BusFault_Handler
                0x00000168        0x8 ./src/cr_startup_lpc17.o
                0x00000168                BusFault_Handler
 .text.UsageFault_Handler
                0x00000170        0x8 ./src/cr_startup_lpc17.o
                0x00000170                UsageFault_Handler
 .text.SVCall_Handler
                0x00000178        0x8 ./src/cr_startup_lpc17.o
                0x00000178                SVCall_Handler
 .text.DebugMon_Handler
                0x00000180        0x8 ./src/cr_startup_lpc17.o
                0x00000180                DebugMon_Handler
 .text.PendSV_Handler
                0x00000188        0x8 ./src/cr_startup_lpc17.o
                0x00000188                PendSV_Handler
 .text.IntDefaultHandler
                0x00000190        0x8 ./src/cr_startup_lpc17.o
                0x00000190                TIMER2_IRQHandler
                0x00000190                RIT_IRQHandler
                0x00000190                I2C0_IRQHandler
                0x00000190                USBActivity_IRQHandler
                0x00000190                PWM1_IRQHandler
                0x00000190                I2C1_IRQHandler
                0x00000190                EINT2_IRQHandler
                0x00000190                UART1_IRQHandler
                0x00000190                EINT3_IRQHandler
                0x00000190                CANActivity_IRQHandler
                0x00000190                TIMER3_IRQHandler
                0x00000190                UART0_IRQHandler
                0x00000190                IntDefaultHandler
                0x00000190                PLL0_IRQHandler
                0x00000190                CAN_IRQHandler
                0x00000190                PLL1_IRQHandler
                0x00000190                SSP0_IRQHandler
                0x00000190                I2S_IRQHandler
                0x00000190                I2C2_IRQHandler
                0x00000190                RTC_IRQHandler
                0x00000190                TIMER0_IRQHandler
                0x00000190                SPI_IRQHandler
                0x00000190                EINT1_IRQHandler
                0x00000190                TIMER1_IRQHandler
                0x00000190                UART2_IRQHandler
                0x00000190                ADC_IRQHandler
                0x00000190                SSP1_IRQHandler
                0x00000190                USB_IRQHandler
                0x00000190                BOD_IRQHandler
                0x00000190                WDT_IRQHandler
                0x00000190                QEI_IRQHandler
                0x00000190                EINT0_IRQHandler
                0x00000190                DMA_IRQHandler
                0x00000190                UART3_IRQHandler
                0x00000190                MCPWM_IRQHandler
                0x00000190                ENET_IRQHandler
 .text.NVIC_SetPriority
                0x00000198       0x54 ./src/main.o
 .text.SysTick_Config
                0x000001ec       0x44 ./src/main.o
 .text.PWM_Init
                0x00000230       0x68 ./src/main.o
                0x00000230                PWM_Init
 .text.adc_init
                0x00000298       0x50 ./src/main.o
                0x00000298                adc_init
 .text.Read_Potentiometer
                0x000002e8       0x38 ./src/main.o
                0x000002e8                Read_Potentiometer
 .text.Timer0_Init
                0x00000320       0x26 ./src/main.o
 .text.delayms  0x00000346       0x38 ./src/main.o
                0x00000346                delayms
 *fill*         0x0000037e        0x2 ff
 .text.SysTick_Handler
                0x00000380       0x1c ./src/main.o
                0x00000380                SysTick_Handler
 .text.getTicks
                0x0000039c       0x14 ./src/main.o
 .text.init_ssp
                0x000003b0       0x78 ./src/main.o
 .text.init_i2c
                0x00000428       0x48 ./src/main.o
 .text.intToString
                0x00000470       0xc8 ./src/main.o
 .text.joystic_colors
                0x00000538       0xe6 ./src/main.o
                0x00000538                joystic_colors
 *fill*         0x0000061e        0x2 ff
 .text.screen_init
                0x00000620       0xa4 ./src/main.o
                0x00000620                screen_init
 .text.update_screen_mode
                0x000006c4       0x78 ./src/main.o
                0x000006c4                update_screen_mode
 .text.main     0x0000073c       0xfc ./src/main.o
                0x0000073c                main
 .text.SystemInit
                0x00000838      0x140 C:\Users\251486\Documents\A05\wiatrak\lpc17xx_xpr_bb_140609.zip_expanded\Lib_CMSISv1p30_LPC17xx\Debug\libCMSISv1p30_LPC17xx.a(system_LPC17xx.o)
                0x00000838                SystemInit
 .text.joystick_init
                0x00000978       0x1e C:\Users\251486\Documents\A05\wiatrak\lpc17xx_xpr_bb_140609.zip_expanded\Lib_EaBaseBoard\Debug\libLib_EaBaseBoard.a(joystick.o)
                0x00000978                joystick_init
 .text.joystick_read
                0x00000996       0x86 C:\Users\251486\Documents\A05\wiatrak\lpc17xx_xpr_bb_140609.zip_expanded\Lib_EaBaseBoard\Debug\libLib_EaBaseBoard.a(joystick.o)
                0x00000996                joystick_read
 .text.I2CRead  0x00000a1c       0x50 C:\Users\251486\Documents\A05\wiatrak\lpc17xx_xpr_bb_140609.zip_expanded\Lib_EaBaseBoard\Debug\libLib_EaBaseBoard.a(light.o)
 .text.I2CWrite
                0x00000a6c       0x50 C:\Users\251486\Documents\A05\wiatrak\lpc17xx_xpr_bb_140609.zip_expanded\Lib_EaBaseBoard\Debug\libLib_EaBaseBoard.a(light.o)
 .text.readControlReg
                0x00000abc       0x2c C:\Users\251486\Documents\A05\wiatrak\lpc17xx_xpr_bb_140609.zip_expanded\Lib_EaBaseBoard\Debug\libLib_EaBaseBoard.a(light.o)
 .text.light_enable
                0x00000ae8       0x3c C:\Users\251486\Documents\A05\wiatrak\lpc17xx_xpr_bb_140609.zip_expanded\Lib_EaBaseBoard\Debug\libLib_EaBaseBoard.a(light.o)
                0x00000ae8                light_enable
 .text.light_read
                0x00000b24       0x74 C:\Users\251486\Documents\A05\wiatrak\lpc17xx_xpr_bb_140609.zip_expanded\Lib_EaBaseBoard\Debug\libLib_EaBaseBoard.a(light.o)
                0x00000b24                light_read
 .text.light_setRange
                0x00000b98       0x90 C:\Users\251486\Documents\A05\wiatrak\lpc17xx_xpr_bb_140609.zip_expanded\Lib_EaBaseBoard\Debug\libLib_EaBaseBoard.a(light.o)
                0x00000b98                light_setRange
 .text.writeCommand
                0x00000c28       0x48 C:\Users\251486\Documents\A05\wiatrak\lpc17xx_xpr_bb_140609.zip_expanded\Lib_EaBaseBoard\Debug\libLib_EaBaseBoard.a(oled.o)
 .text.writeData
                0x00000c70       0x48 C:\Users\251486\Documents\A05\wiatrak\lpc17xx_xpr_bb_140609.zip_expanded\Lib_EaBaseBoard\Debug\libLib_EaBaseBoard.a(oled.o)
 .text.writeDataLen
                0x00000cb8       0x78 C:\Users\251486\Documents\A05\wiatrak\lpc17xx_xpr_bb_140609.zip_expanded\Lib_EaBaseBoard\Debug\libLib_EaBaseBoard.a(oled.o)
 .text.runInitSequence
                0x00000d30       0xd4 C:\Users\251486\Documents\A05\wiatrak\lpc17xx_xpr_bb_140609.zip_expanded\Lib_EaBaseBoard\Debug\libLib_EaBaseBoard.a(oled.o)
 .text.hLine    0x00000e04       0x58 C:\Users\251486\Documents\A05\wiatrak\lpc17xx_xpr_bb_140609.zip_expanded\Lib_EaBaseBoard\Debug\libLib_EaBaseBoard.a(oled.o)
 .text.vLine    0x00000e5c       0x56 C:\Users\251486\Documents\A05\wiatrak\lpc17xx_xpr_bb_140609.zip_expanded\Lib_EaBaseBoard\Debug\libLib_EaBaseBoard.a(oled.o)
 *fill*         0x00000eb2        0x2 ff
 .text.oled_init
                0x00000eb4       0x74 C:\Users\251486\Documents\A05\wiatrak\lpc17xx_xpr_bb_140609.zip_expanded\Lib_EaBaseBoard\Debug\libLib_EaBaseBoard.a(oled.o)
                0x00000eb4                oled_init
 .text.oled_putPixel
                0x00000f28      0x150 C:\Users\251486\Documents\A05\wiatrak\lpc17xx_xpr_bb_140609.zip_expanded\Lib_EaBaseBoard\Debug\libLib_EaBaseBoard.a(oled.o)
                0x00000f28                oled_putPixel
 .text.oled_fillRect
                0x00001078       0x9e C:\Users\251486\Documents\A05\wiatrak\lpc17xx_xpr_bb_140609.zip_expanded\Lib_EaBaseBoard\Debug\libLib_EaBaseBoard.a(oled.o)
                0x00001078                oled_fillRect
 *fill*         0x00001116        0x2 ff
 .text.oled_clearScreen
                0x00001118       0x64 C:\Users\251486\Documents\A05\wiatrak\lpc17xx_xpr_bb_140609.zip_expanded\Lib_EaBaseBoard\Debug\libLib_EaBaseBoard.a(oled.o)
                0x00001118                oled_clearScreen
 .text.oled_putChar
                0x0000117c       0xd8 C:\Users\251486\Documents\A05\wiatrak\lpc17xx_xpr_bb_140609.zip_expanded\Lib_EaBaseBoard\Debug\libLib_EaBaseBoard.a(oled.o)
                0x0000117c                oled_putChar
 .text.oled_putString
                0x00001254       0x52 C:\Users\251486\Documents\A05\wiatrak\lpc17xx_xpr_bb_140609.zip_expanded\Lib_EaBaseBoard\Debug\libLib_EaBaseBoard.a(oled.o)
                0x00001254                oled_putString
 .text.rgb_init
                0x000012a6       0x28 C:\Users\251486\Documents\A05\wiatrak\lpc17xx_xpr_bb_140609.zip_expanded\Lib_EaBaseBoard\Debug\libLib_EaBaseBoard.a(rgb.o)
                0x000012a6                rgb_init
 .text.rgb_setLeds
                0x000012ce       0x6a C:\Users\251486\Documents\A05\wiatrak\lpc17xx_xpr_bb_140609.zip_expanded\Lib_EaBaseBoard\Debug\libLib_EaBaseBoard.a(rgb.o)
                0x000012ce                rgb_setLeds
 .text.temp_init
                0x00001338       0x24 C:\Users\251486\Documents\A05\wiatrak\lpc17xx_xpr_bb_140609.zip_expanded\Lib_EaBaseBoard\Debug\libLib_EaBaseBoard.a(temp.o)
                0x00001338                temp_init
 .text.temp_read
                0x0000135c       0xf0 C:\Users\251486\Documents\A05\wiatrak\lpc17xx_xpr_bb_140609.zip_expanded\Lib_EaBaseBoard\Debug\libLib_EaBaseBoard.a(temp.o)
                0x0000135c                temp_read
 .text.ADC_Init
                0x0000144c       0x90 C:\Users\251486\Documents\A05\wiatrak\lpc17xx_xpr_bb_140609.zip_expanded\Lib_MCU\Debug\libLib_MCU.a(lpc17xx_adc.o)
                0x0000144c                ADC_Init
 .text.ADC_StartCmd
                0x000014dc       0x80 C:\Users\251486\Documents\A05\wiatrak\lpc17xx_xpr_bb_140609.zip_expanded\Lib_MCU\Debug\libLib_MCU.a(lpc17xx_adc.o)
                0x000014dc                ADC_StartCmd
 .text.ADC_IntConfig
                0x0000155c       0x9c C:\Users\251486\Documents\A05\wiatrak\lpc17xx_xpr_bb_140609.zip_expanded\Lib_MCU\Debug\libLib_MCU.a(lpc17xx_adc.o)
                0x0000155c                ADC_IntConfig
 .text.ADC_ChannelCmd
                0x000015f8       0x60 C:\Users\251486\Documents\A05\wiatrak\lpc17xx_xpr_bb_140609.zip_expanded\Lib_MCU\Debug\libLib_MCU.a(lpc17xx_adc.o)
                0x000015f8                ADC_ChannelCmd
 .text.ADC_ChannelGetData
                0x00001658       0x4c C:\Users\251486\Documents\A05\wiatrak\lpc17xx_xpr_bb_140609.zip_expanded\Lib_MCU\Debug\libLib_MCU.a(lpc17xx_adc.o)
                0x00001658                ADC_ChannelGetData
 .text.ADC_ChannelGetStatus
                0x000016a4       0x7c C:\Users\251486\Documents\A05\wiatrak\lpc17xx_xpr_bb_140609.zip_expanded\Lib_MCU\Debug\libLib_MCU.a(lpc17xx_adc.o)
                0x000016a4                ADC_ChannelGetStatus
 .text.CLKPWR_SetPCLKDiv
                0x00001720       0x90 C:\Users\251486\Documents\A05\wiatrak\lpc17xx_xpr_bb_140609.zip_expanded\Lib_MCU\Debug\libLib_MCU.a(lpc17xx_clkpwr.o)
                0x00001720                CLKPWR_SetPCLKDiv
 .text.CLKPWR_GetPCLKSEL
                0x000017b0       0x48 C:\Users\251486\Documents\A05\wiatrak\lpc17xx_xpr_bb_140609.zip_expanded\Lib_MCU\Debug\libLib_MCU.a(lpc17xx_clkpwr.o)
                0x000017b0                CLKPWR_GetPCLKSEL
 .text.CLKPWR_GetPCLK
                0x000017f8       0x64 C:\Users\251486\Documents\A05\wiatrak\lpc17xx_xpr_bb_140609.zip_expanded\Lib_MCU\Debug\libLib_MCU.a(lpc17xx_clkpwr.o)
                0x000017f8                CLKPWR_GetPCLK
 .text.CLKPWR_ConfigPPWR
                0x0000185c       0x58 C:\Users\251486\Documents\A05\wiatrak\lpc17xx_xpr_bb_140609.zip_expanded\Lib_MCU\Debug\libLib_MCU.a(lpc17xx_clkpwr.o)
                0x0000185c                CLKPWR_ConfigPPWR
 .text.GPIO_GetPointer
                0x000018b4       0x70 C:\Users\251486\Documents\A05\wiatrak\lpc17xx_xpr_bb_140609.zip_expanded\Lib_MCU\Debug\libLib_MCU.a(lpc17xx_gpio.o)
 .text.GPIO_SetDir
                0x00001924       0x4a C:\Users\251486\Documents\A05\wiatrak\lpc17xx_xpr_bb_140609.zip_expanded\Lib_MCU\Debug\libLib_MCU.a(lpc17xx_gpio.o)
                0x00001924                GPIO_SetDir
 .text.GPIO_SetValue
                0x0000196e       0x2a C:\Users\251486\Documents\A05\wiatrak\lpc17xx_xpr_bb_140609.zip_expanded\Lib_MCU\Debug\libLib_MCU.a(lpc17xx_gpio.o)
                0x0000196e                GPIO_SetValue
 .text.GPIO_ClearValue
                0x00001998       0x2a C:\Users\251486\Documents\A05\wiatrak\lpc17xx_xpr_bb_140609.zip_expanded\Lib_MCU\Debug\libLib_MCU.a(lpc17xx_gpio.o)
                0x00001998                GPIO_ClearValue
 .text.GPIO_ReadValue
                0x000019c2       0x2a C:\Users\251486\Documents\A05\wiatrak\lpc17xx_xpr_bb_140609.zip_expanded\Lib_MCU\Debug\libLib_MCU.a(lpc17xx_gpio.o)
                0x000019c2                GPIO_ReadValue
 .text.NVIC_EnableIRQ
                0x000019ec       0x30 C:\Users\251486\Documents\A05\wiatrak\lpc17xx_xpr_bb_140609.zip_expanded\Lib_MCU\Debug\libLib_MCU.a(lpc17xx_i2c.o)
 .text.NVIC_DisableIRQ
                0x00001a1c       0x34 C:\Users\251486\Documents\A05\wiatrak\lpc17xx_xpr_bb_140609.zip_expanded\Lib_MCU\Debug\libLib_MCU.a(lpc17xx_i2c.o)
 .text.I2C_getNum
                0x00001a50       0x48 C:\Users\251486\Documents\A05\wiatrak\lpc17xx_xpr_bb_140609.zip_expanded\Lib_MCU\Debug\libLib_MCU.a(lpc17xx_i2c.o)
 .text.I2C_Start
                0x00001a98       0x3a C:\Users\251486\Documents\A05\wiatrak\lpc17xx_xpr_bb_140609.zip_expanded\Lib_MCU\Debug\libLib_MCU.a(lpc17xx_i2c.o)
 .text.I2C_Stop
                0x00001ad2       0x30 C:\Users\251486\Documents\A05\wiatrak\lpc17xx_xpr_bb_140609.zip_expanded\Lib_MCU\Debug\libLib_MCU.a(lpc17xx_i2c.o)
 .text.I2C_SendByte
                0x00001b02       0x4a C:\Users\251486\Documents\A05\wiatrak\lpc17xx_xpr_bb_140609.zip_expanded\Lib_MCU\Debug\libLib_MCU.a(lpc17xx_i2c.o)
 .text.I2C_GetByte
                0x00001b4c       0x52 C:\Users\251486\Documents\A05\wiatrak\lpc17xx_xpr_bb_140609.zip_expanded\Lib_MCU\Debug\libLib_MCU.a(lpc17xx_i2c.o)
 *fill*         0x00001b9e        0x2 ff
 .text.I2C_SetClock
                0x00001ba0       0xa4 C:\Users\251486\Documents\A05\wiatrak\lpc17xx_xpr_bb_140609.zip_expanded\Lib_MCU\Debug\libLib_MCU.a(lpc17xx_i2c.o)
 .text.I2C_Init
                0x00001c44       0xa4 C:\Users\251486\Documents\A05\wiatrak\lpc17xx_xpr_bb_140609.zip_expanded\Lib_MCU\Debug\libLib_MCU.a(lpc17xx_i2c.o)
                0x00001c44                I2C_Init
 .text.I2C_Cmd  0x00001ce8       0x70 C:\Users\251486\Documents\A05\wiatrak\lpc17xx_xpr_bb_140609.zip_expanded\Lib_MCU\Debug\libLib_MCU.a(lpc17xx_i2c.o)
                0x00001ce8                I2C_Cmd
 .text.I2C_IntCmd
                0x00001d58       0x88 C:\Users\251486\Documents\A05\wiatrak\lpc17xx_xpr_bb_140609.zip_expanded\Lib_MCU\Debug\libLib_MCU.a(lpc17xx_i2c.o)
                0x00001d58                I2C_IntCmd
 .text.I2C_MasterTransferData
                0x00001de0      0x2e8 C:\Users\251486\Documents\A05\wiatrak\lpc17xx_xpr_bb_140609.zip_expanded\Lib_MCU\Debug\libLib_MCU.a(lpc17xx_i2c.o)
                0x00001de0                I2C_MasterTransferData
 .text.check_failed
                0x000020c8        0xe C:\Users\251486\Documents\A05\wiatrak\lpc17xx_xpr_bb_140609.zip_expanded\Lib_MCU\Debug\libLib_MCU.a(lpc17xx_libcfg_default.o)
                0x000020c8                check_failed
 *fill*         0x000020d6        0x2 ff
 .text.set_PinFunc
                0x000020d8       0x80 C:\Users\251486\Documents\A05\wiatrak\lpc17xx_xpr_bb_140609.zip_expanded\Lib_MCU\Debug\libLib_MCU.a(lpc17xx_pinsel.o)
 .text.set_ResistorMode
                0x00002158       0x80 C:\Users\251486\Documents\A05\wiatrak\lpc17xx_xpr_bb_140609.zip_expanded\Lib_MCU\Debug\libLib_MCU.a(lpc17xx_pinsel.o)
 .text.set_OpenDrainMode
                0x000021d8       0x68 C:\Users\251486\Documents\A05\wiatrak\lpc17xx_xpr_bb_140609.zip_expanded\Lib_MCU\Debug\libLib_MCU.a(lpc17xx_pinsel.o)
 .text.PINSEL_ConfigPin
                0x00002240       0x46 C:\Users\251486\Documents\A05\wiatrak\lpc17xx_xpr_bb_140609.zip_expanded\Lib_MCU\Debug\libLib_MCU.a(lpc17xx_pinsel.o)
                0x00002240                PINSEL_ConfigPin
 *fill*         0x00002286        0x2 ff
 .text.setSSPclock
                0x00002288       0xc4 C:\Users\251486\Documents\A05\wiatrak\lpc17xx_xpr_bb_140609.zip_expanded\Lib_MCU\Debug\libLib_MCU.a(lpc17xx_ssp.o)
 .text.SSP_Init
                0x0000234c       0x9c C:\Users\251486\Documents\A05\wiatrak\lpc17xx_xpr_bb_140609.zip_expanded\Lib_MCU\Debug\libLib_MCU.a(lpc17xx_ssp.o)
                0x0000234c                SSP_Init
 .text.SSP_GetDataSize
                0x000023e8       0x40 C:\Users\251486\Documents\A05\wiatrak\lpc17xx_xpr_bb_140609.zip_expanded\Lib_MCU\Debug\libLib_MCU.a(lpc17xx_ssp.o)
                0x000023e8                SSP_GetDataSize
 .text.SSP_ConfigStructInit
                0x00002428       0x3c C:\Users\251486\Documents\A05\wiatrak\lpc17xx_xpr_bb_140609.zip_expanded\Lib_MCU\Debug\libLib_MCU.a(lpc17xx_ssp.o)
                0x00002428                SSP_ConfigStructInit
 .text.SSP_Cmd  0x00002464       0x6c C:\Users\251486\Documents\A05\wiatrak\lpc17xx_xpr_bb_140609.zip_expanded\Lib_MCU\Debug\libLib_MCU.a(lpc17xx_ssp.o)
                0x00002464                SSP_Cmd
 .text.SSP_SendData
                0x000024d0       0x40 C:\Users\251486\Documents\A05\wiatrak\lpc17xx_xpr_bb_140609.zip_expanded\Lib_MCU\Debug\libLib_MCU.a(lpc17xx_ssp.o)
                0x000024d0                SSP_SendData
 .text.SSP_ReceiveData
                0x00002510       0x3c C:\Users\251486\Documents\A05\wiatrak\lpc17xx_xpr_bb_140609.zip_expanded\Lib_MCU\Debug\libLib_MCU.a(lpc17xx_ssp.o)
                0x00002510                SSP_ReceiveData
 .text.SSP_ReadWrite
                0x0000254c      0x34a C:\Users\251486\Documents\A05\wiatrak\lpc17xx_xpr_bb_140609.zip_expanded\Lib_MCU\Debug\libLib_MCU.a(lpc17xx_ssp.o)
                0x0000254c                SSP_ReadWrite
 *fill*         0x00002896        0x2 ff
 .text.memset   0x00002898       0xa0 c:/nxp/mcuxpressoide_11.9.1_2170/ide/plugins/com.nxp.mcuxpresso.tools.win32_11.9.1.202402080819/tools/bin/../lib/gcc/arm-none-eabi/12.3.1/thumb/v7-m/nofp\libc.a(libc_a-memset.o)
                0x00002898                memset
 *(.rodata .rodata.* .constdata .constdata.*)
 .rodata.str1.4
                0x00002938       0x61 ./src/main.o
 *fill*         0x00002999        0x3 ff
 .rodata        0x0000299c        0x8 C:\Users\251486\Documents\A05\wiatrak\lpc17xx_xpr_bb_140609.zip_expanded\Lib_EaBaseBoard\Debug\libLib_EaBaseBoard.a(oled.o)
 .rodata        0x000029a4      0x300 C:\Users\251486\Documents\A05\wiatrak\lpc17xx_xpr_bb_140609.zip_expanded\Lib_EaBaseBoard\Debug\libLib_EaBaseBoard.a(font5x7.o)
                0x000029a4                font5x7
 .rodata.str1.4
                0x00002ca4        0xe C:\Users\251486\Documents\A05\wiatrak\lpc17xx_xpr_bb_140609.zip_expanded\Lib_MCU\Debug\libLib_MCU.a(lpc17xx_adc.o)
 *fill*         0x00002cb2        0x2 ff
 .rodata.str1.4
                0x00002cb4        0xe C:\Users\251486\Documents\A05\wiatrak\lpc17xx_xpr_bb_140609.zip_expanded\Lib_MCU\Debug\libLib_MCU.a(lpc17xx_i2c.o)
 *fill*         0x00002cc2        0x2 ff
 .rodata.str1.4
                0x00002cc4        0xe C:\Users\251486\Documents\A05\wiatrak\lpc17xx_xpr_bb_140609.zip_expanded\Lib_MCU\Debug\libLib_MCU.a(lpc17xx_ssp.o)
                0x00002cd4                        . = ALIGN (0x4)
 *fill*         0x00002cd2        0x2 ff

.glue_7         0x00002cd4        0x0
 .glue_7        0x00002cd4        0x0 linker stubs

.glue_7t        0x00002cd4        0x0
 .glue_7t       0x00002cd4        0x0 linker stubs

.vfp11_veneer   0x00002cd4        0x0
 .vfp11_veneer  0x00002cd4        0x0 linker stubs

.v4_bx          0x00002cd4        0x0
 .v4_bx         0x00002cd4        0x0 linker stubs

.iplt           0x00002cd4        0x0
 .iplt          0x00002cd4        0x0 ./src/cr_startup_lpc17.o

.rel.dyn        0x00002cd4        0x0
 .rel.iplt      0x00002cd4        0x0 ./src/cr_startup_lpc17.o

.ARM.extab
 *(.ARM.extab* .gnu.linkonce.armextab.*)

.ARM.exidx      0x00002cd4        0x0
                0x00002cd4                        __exidx_start = .
 *(.ARM.exidx* .gnu.linkonce.armexidx.*)
                0x00002cd4                        __exidx_end = .
                0x00002cd4                        _etext = .

.data_RAM2      0x2007c000        0x0 load address 0x00002cd4
 FILL mask 0xff
                [!provide]                        PROVIDE (__start_data_RAM2 = .)
                [!provide]                        PROVIDE (__start_data_RamAHB32 = .)
 *(.ramfunc.$RAM2)
 *(.ramfunc.$RamAHB32)
 *(.data.$RAM2)
 *(.data.$RamAHB32)
 *(.data.$RAM2.*)
 *(.data.$RamAHB32.*)
                0x2007c000                        . = ALIGN (0x4)
                [!provide]                        PROVIDE (__end_data_RAM2 = .)
                [!provide]                        PROVIDE (__end_data_RamAHB32 = .)

.uninit_RESERVED
                0x10000000        0x0
                0x10000000                        _start_uninit_RESERVED = .
 *(.bss.$RESERVED*)
                0x10000000                        . = ALIGN (0x4)
                0x10000000                        _end_uninit_RESERVED = .

.data           0x10000000       0x14 load address 0x00002cd4
 FILL mask 0xff
                0x10000000                        _data = .
                [!provide]                        PROVIDE (__start_data_RAM = .)
                [!provide]                        PROVIDE (__start_data_RamLoc32 = .)
 *(vtable)
 *(.ramfunc*)
 *(CodeQuickAccess)
 *(DataQuickAccess)
 *(RamFunction)
 *(.data*)
 .data          0x10000000        0x8 ./src/main.o
                0x10000000                night_mode
 .data          0x10000008        0x4 C:\Users\251486\Documents\A05\wiatrak\lpc17xx_xpr_bb_140609.zip_expanded\Lib_CMSISv1p30_LPC17xx\Debug\libCMSISv1p30_LPC17xx.a(system_LPC17xx.o)
                0x10000008                SystemCoreClock
 .data          0x1000000c        0x8 C:\Users\251486\Documents\A05\wiatrak\lpc17xx_xpr_bb_140609.zip_expanded\Lib_EaBaseBoard\Debug\libLib_EaBaseBoard.a(light.o)
                0x10000014                        . = ALIGN (0x4)
                0x10000014                        _edata = .
                [!provide]                        PROVIDE (__end_data_RAM = .)
                [!provide]                        PROVIDE (__end_data_RamLoc32 = .)

.igot.plt       0x10000014        0x0 load address 0x00002ce8
 .igot.plt      0x10000014        0x0 ./src/cr_startup_lpc17.o

.bss_RAM2       0x2007c000        0x0
                [!provide]                        PROVIDE (__start_bss_RAM2 = .)
                [!provide]                        PROVIDE (__start_bss_RamAHB32 = .)
 *(.bss.$RAM2)
 *(.bss.$RamAHB32)
 *(.bss.$RAM2.*)
 *(.bss.$RamAHB32.*)
                0x2007c000                        . = ALIGN ((. != 0x0)?0x4:0x1)
                [!provide]                        PROVIDE (__end_bss_RAM2 = .)
                [!provide]                        PROVIDE (__end_bss_RamAHB32 = .)

.bss            0x10000014      0x348
                0x10000014                        _bss = .
                [!provide]                        PROVIDE (__start_bss_RAM = .)
                [!provide]                        PROVIDE (__start_bss_RamLoc32 = .)
 *(.bss*)
 .bss           0x10000014        0xe ./src/main.o
 *fill*         0x10000022        0x2 
 .bss           0x10000024      0x300 C:\Users\251486\Documents\A05\wiatrak\lpc17xx_xpr_bb_140609.zip_expanded\Lib_EaBaseBoard\Debug\libLib_EaBaseBoard.a(oled.o)
 .bss           0x10000324        0x4 C:\Users\251486\Documents\A05\wiatrak\lpc17xx_xpr_bb_140609.zip_expanded\Lib_EaBaseBoard\Debug\libLib_EaBaseBoard.a(temp.o)
 .bss           0x10000328       0x34 C:\Users\251486\Documents\A05\wiatrak\lpc17xx_xpr_bb_140609.zip_expanded\Lib_MCU\Debug\libLib_MCU.a(lpc17xx_i2c.o)
 *(COMMON)
                0x1000035c                        . = ALIGN (0x4)
                0x1000035c                        _ebss = .
                [!provide]                        PROVIDE (__end_bss_RAM = .)
                [!provide]                        PROVIDE (__end_bss_RamLoc32 = .)
                [!provide]                        PROVIDE (end = .)

.noinit_RAM2    0x2007c000        0x0
                [!provide]                        PROVIDE (__start_noinit_RAM2 = .)
                [!provide]                        PROVIDE (__start_noinit_RamAHB32 = .)
 *(.noinit.$RAM2)
 *(.noinit.$RamAHB32)
 *(.noinit.$RAM2.*)
 *(.noinit.$RamAHB32.*)
                0x2007c000                        . = ALIGN (0x4)
                [!provide]                        PROVIDE (__end_noinit_RAM2 = .)
                [!provide]                        PROVIDE (__end_noinit_RamAHB32 = .)

.noinit         0x1000035c        0x0
                0x1000035c                        _noinit = .
                [!provide]                        PROVIDE (__start_noinit_RAM = .)
                [!provide]                        PROVIDE (__start_noinit_RamLoc32 = .)
 *(.noinit*)
                0x1000035c                        . = ALIGN (0x4)
                0x1000035c                        _end_noinit = .
                [!provide]                        PROVIDE (__end_noinit_RAM = .)
                [!provide]                        PROVIDE (__end_noinit_RamLoc32 = .)
                [!provide]                        PROVIDE (_pvHeapStart = DEFINED (__user_heap_base)?__user_heap_base:.)
                0x10008000                        PROVIDE (_vStackTop = DEFINED (__user_stack_top)?__user_stack_top:(__top_RamLoc32 - 0x0))
                [!provide]                        PROVIDE (__valid_user_code_checksum = (0x0 - ((((((_vStackTop + (ResetISR + 0x1)) + (NMI_Handler + 0x1)) + (HardFault_Handler + 0x1)) + (DEFINED (MemManage_Handler)?MemManage_Handler:0x0 + 0x1)) + (DEFINED (BusFault_Handler)?BusFault_Handler:0x0 + 0x1)) + (DEFINED (UsageFault_Handler)?UsageFault_Handler:0x0 + 0x1))))
                0x00000000                        _image_start = LOADADDR (.text)
                0x00002ce8                        _image_end = (LOADADDR (.data) + SIZEOF (.data))
                0x00002ce8                        _image_size = (_image_end - _image_start)
OUTPUT(speaker_wav.axf elf32-littlearm)
LOAD linker stubs

.debug_info     0x00000000     0x6336
 .debug_info    0x00000000      0x1f7 ./src/cr_startup_lpc17.o
 .debug_info    0x000001f7     0x13d5 ./src/main.o
 .debug_info    0x000015cc      0x2fb C:\Users\251486\Documents\A05\wiatrak\lpc17xx_xpr_bb_140609.zip_expanded\Lib_CMSISv1p30_LPC17xx\Debug\libCMSISv1p30_LPC17xx.a(system_LPC17xx.o)
 .debug_info    0x000018c7      0x11b C:\Users\251486\Documents\A05\wiatrak\lpc17xx_xpr_bb_140609.zip_expanded\Lib_EaBaseBoard\Debug\libLib_EaBaseBoard.a(joystick.o)
 .debug_info    0x000019e2      0x78c C:\Users\251486\Documents\A05\wiatrak\lpc17xx_xpr_bb_140609.zip_expanded\Lib_EaBaseBoard\Debug\libLib_EaBaseBoard.a(light.o)
 .debug_info    0x0000216e      0xa37 C:\Users\251486\Documents\A05\wiatrak\lpc17xx_xpr_bb_140609.zip_expanded\Lib_EaBaseBoard\Debug\libLib_EaBaseBoard.a(oled.o)
 .debug_info    0x00002ba5      0x111 C:\Users\251486\Documents\A05\wiatrak\lpc17xx_xpr_bb_140609.zip_expanded\Lib_EaBaseBoard\Debug\libLib_EaBaseBoard.a(rgb.o)
 .debug_info    0x00002cb6      0x15f C:\Users\251486\Documents\A05\wiatrak\lpc17xx_xpr_bb_140609.zip_expanded\Lib_EaBaseBoard\Debug\libLib_EaBaseBoard.a(temp.o)
 .debug_info    0x00002e15       0x62 C:\Users\251486\Documents\A05\wiatrak\lpc17xx_xpr_bb_140609.zip_expanded\Lib_EaBaseBoard\Debug\libLib_EaBaseBoard.a(font5x7.o)
 .debug_info    0x00002e77      0x65c C:\Users\251486\Documents\A05\wiatrak\lpc17xx_xpr_bb_140609.zip_expanded\Lib_MCU\Debug\libLib_MCU.a(lpc17xx_adc.o)
 .debug_info    0x000034d3      0x5e0 C:\Users\251486\Documents\A05\wiatrak\lpc17xx_xpr_bb_140609.zip_expanded\Lib_MCU\Debug\libLib_MCU.a(lpc17xx_clkpwr.o)
 .debug_info    0x00003ab3      0xdc4 C:\Users\251486\Documents\A05\wiatrak\lpc17xx_xpr_bb_140609.zip_expanded\Lib_MCU\Debug\libLib_MCU.a(lpc17xx_gpio.o)
 .debug_info    0x00004877      0xdd9 C:\Users\251486\Documents\A05\wiatrak\lpc17xx_xpr_bb_140609.zip_expanded\Lib_MCU\Debug\libLib_MCU.a(lpc17xx_i2c.o)
 .debug_info    0x00005650       0xca C:\Users\251486\Documents\A05\wiatrak\lpc17xx_xpr_bb_140609.zip_expanded\Lib_MCU\Debug\libLib_MCU.a(lpc17xx_libcfg_default.o)
 .debug_info    0x0000571a      0x477 C:\Users\251486\Documents\A05\wiatrak\lpc17xx_xpr_bb_140609.zip_expanded\Lib_MCU\Debug\libLib_MCU.a(lpc17xx_pinsel.o)
 .debug_info    0x00005b91      0x7a5 C:\Users\251486\Documents\A05\wiatrak\lpc17xx_xpr_bb_140609.zip_expanded\Lib_MCU\Debug\libLib_MCU.a(lpc17xx_ssp.o)

.debug_abbrev   0x00000000     0x19d9
 .debug_abbrev  0x00000000       0xec ./src/cr_startup_lpc17.o
 .debug_abbrev  0x000000ec      0x402 ./src/main.o
 .debug_abbrev  0x000004ee       0xf4 C:\Users\251486\Documents\A05\wiatrak\lpc17xx_xpr_bb_140609.zip_expanded\Lib_CMSISv1p30_LPC17xx\Debug\libCMSISv1p30_LPC17xx.a(system_LPC17xx.o)
 .debug_abbrev  0x000005e2       0xb8 C:\Users\251486\Documents\A05\wiatrak\lpc17xx_xpr_bb_140609.zip_expanded\Lib_EaBaseBoard\Debug\libLib_EaBaseBoard.a(joystick.o)
 .debug_abbrev  0x0000069a      0x223 C:\Users\251486\Documents\A05\wiatrak\lpc17xx_xpr_bb_140609.zip_expanded\Lib_EaBaseBoard\Debug\libLib_EaBaseBoard.a(light.o)
 .debug_abbrev  0x000008bd      0x26c C:\Users\251486\Documents\A05\wiatrak\lpc17xx_xpr_bb_140609.zip_expanded\Lib_EaBaseBoard\Debug\libLib_EaBaseBoard.a(oled.o)
 .debug_abbrev  0x00000b29       0x9f C:\Users\251486\Documents\A05\wiatrak\lpc17xx_xpr_bb_140609.zip_expanded\Lib_EaBaseBoard\Debug\libLib_EaBaseBoard.a(rgb.o)
 .debug_abbrev  0x00000bc8       0xec C:\Users\251486\Documents\A05\wiatrak\lpc17xx_xpr_bb_140609.zip_expanded\Lib_EaBaseBoard\Debug\libLib_EaBaseBoard.a(temp.o)
 .debug_abbrev  0x00000cb4       0x4a C:\Users\251486\Documents\A05\wiatrak\lpc17xx_xpr_bb_140609.zip_expanded\Lib_EaBaseBoard\Debug\libLib_EaBaseBoard.a(font5x7.o)
 .debug_abbrev  0x00000cfe      0x1d4 C:\Users\251486\Documents\A05\wiatrak\lpc17xx_xpr_bb_140609.zip_expanded\Lib_MCU\Debug\libLib_MCU.a(lpc17xx_adc.o)
 .debug_abbrev  0x00000ed2      0x1d5 C:\Users\251486\Documents\A05\wiatrak\lpc17xx_xpr_bb_140609.zip_expanded\Lib_MCU\Debug\libLib_MCU.a(lpc17xx_clkpwr.o)
 .debug_abbrev  0x000010a7      0x239 C:\Users\251486\Documents\A05\wiatrak\lpc17xx_xpr_bb_140609.zip_expanded\Lib_MCU\Debug\libLib_MCU.a(lpc17xx_gpio.o)
 .debug_abbrev  0x000012e0      0x2fb C:\Users\251486\Documents\A05\wiatrak\lpc17xx_xpr_bb_140609.zip_expanded\Lib_MCU\Debug\libLib_MCU.a(lpc17xx_i2c.o)
 .debug_abbrev  0x000015db       0x72 C:\Users\251486\Documents\A05\wiatrak\lpc17xx_xpr_bb_140609.zip_expanded\Lib_MCU\Debug\libLib_MCU.a(lpc17xx_libcfg_default.o)
 .debug_abbrev  0x0000164d      0x164 C:\Users\251486\Documents\A05\wiatrak\lpc17xx_xpr_bb_140609.zip_expanded\Lib_MCU\Debug\libLib_MCU.a(lpc17xx_pinsel.o)
 .debug_abbrev  0x000017b1      0x228 C:\Users\251486\Documents\A05\wiatrak\lpc17xx_xpr_bb_140609.zip_expanded\Lib_MCU\Debug\libLib_MCU.a(lpc17xx_ssp.o)

.debug_aranges  0x00000000      0x6a8
 .debug_aranges
                0x00000000       0x70 ./src/cr_startup_lpc17.o
 .debug_aranges
                0x00000070       0xa0 ./src/main.o
 .debug_aranges
                0x00000110       0x28 C:\Users\251486\Documents\A05\wiatrak\lpc17xx_xpr_bb_140609.zip_expanded\Lib_CMSISv1p30_LPC17xx\Debug\libCMSISv1p30_LPC17xx.a(system_LPC17xx.o)
 .debug_aranges
                0x00000138       0x28 C:\Users\251486\Documents\A05\wiatrak\lpc17xx_xpr_bb_140609.zip_expanded\Lib_EaBaseBoard\Debug\libLib_EaBaseBoard.a(joystick.o)
 .debug_aranges
                0x00000160       0x98 C:\Users\251486\Documents\A05\wiatrak\lpc17xx_xpr_bb_140609.zip_expanded\Lib_EaBaseBoard\Debug\libLib_EaBaseBoard.a(light.o)
 .debug_aranges
                0x000001f8       0x90 C:\Users\251486\Documents\A05\wiatrak\lpc17xx_xpr_bb_140609.zip_expanded\Lib_EaBaseBoard\Debug\libLib_EaBaseBoard.a(oled.o)
 .debug_aranges
                0x00000288       0x28 C:\Users\251486\Documents\A05\wiatrak\lpc17xx_xpr_bb_140609.zip_expanded\Lib_EaBaseBoard\Debug\libLib_EaBaseBoard.a(rgb.o)
 .debug_aranges
                0x000002b0       0x28 C:\Users\251486\Documents\A05\wiatrak\lpc17xx_xpr_bb_140609.zip_expanded\Lib_EaBaseBoard\Debug\libLib_EaBaseBoard.a(temp.o)
 .debug_aranges
                0x000002d8       0x18 C:\Users\251486\Documents\A05\wiatrak\lpc17xx_xpr_bb_140609.zip_expanded\Lib_EaBaseBoard\Debug\libLib_EaBaseBoard.a(font5x7.o)
 .debug_aranges
                0x000002f0       0x80 C:\Users\251486\Documents\A05\wiatrak\lpc17xx_xpr_bb_140609.zip_expanded\Lib_MCU\Debug\libLib_MCU.a(lpc17xx_adc.o)
 .debug_aranges
                0x00000370       0x60 C:\Users\251486\Documents\A05\wiatrak\lpc17xx_xpr_bb_140609.zip_expanded\Lib_MCU\Debug\libLib_MCU.a(lpc17xx_clkpwr.o)
 .debug_aranges
                0x000003d0       0xf8 C:\Users\251486\Documents\A05\wiatrak\lpc17xx_xpr_bb_140609.zip_expanded\Lib_MCU\Debug\libLib_MCU.a(lpc17xx_gpio.o)
 .debug_aranges
                0x000004c8       0xd0 C:\Users\251486\Documents\A05\wiatrak\lpc17xx_xpr_bb_140609.zip_expanded\Lib_MCU\Debug\libLib_MCU.a(lpc17xx_i2c.o)
 .debug_aranges
                0x00000598       0x20 C:\Users\251486\Documents\A05\wiatrak\lpc17xx_xpr_bb_140609.zip_expanded\Lib_MCU\Debug\libLib_MCU.a(lpc17xx_libcfg_default.o)
 .debug_aranges
                0x000005b8       0x48 C:\Users\251486\Documents\A05\wiatrak\lpc17xx_xpr_bb_140609.zip_expanded\Lib_MCU\Debug\libLib_MCU.a(lpc17xx_pinsel.o)
 .debug_aranges
                0x00000600       0xa8 C:\Users\251486\Documents\A05\wiatrak\lpc17xx_xpr_bb_140609.zip_expanded\Lib_MCU\Debug\libLib_MCU.a(lpc17xx_ssp.o)

.debug_ranges   0x00000000      0x5a0
 .debug_ranges  0x00000000       0x60 ./src/cr_startup_lpc17.o
 .debug_ranges  0x00000060       0x90 ./src/main.o
 .debug_ranges  0x000000f0       0x18 C:\Users\251486\Documents\A05\wiatrak\lpc17xx_xpr_bb_140609.zip_expanded\Lib_CMSISv1p30_LPC17xx\Debug\libCMSISv1p30_LPC17xx.a(system_LPC17xx.o)
 .debug_ranges  0x00000108       0x18 C:\Users\251486\Documents\A05\wiatrak\lpc17xx_xpr_bb_140609.zip_expanded\Lib_EaBaseBoard\Debug\libLib_EaBaseBoard.a(joystick.o)
 .debug_ranges  0x00000120       0x88 C:\Users\251486\Documents\A05\wiatrak\lpc17xx_xpr_bb_140609.zip_expanded\Lib_EaBaseBoard\Debug\libLib_EaBaseBoard.a(light.o)
 .debug_ranges  0x000001a8       0x80 C:\Users\251486\Documents\A05\wiatrak\lpc17xx_xpr_bb_140609.zip_expanded\Lib_EaBaseBoard\Debug\libLib_EaBaseBoard.a(oled.o)
 .debug_ranges  0x00000228       0x18 C:\Users\251486\Documents\A05\wiatrak\lpc17xx_xpr_bb_140609.zip_expanded\Lib_EaBaseBoard\Debug\libLib_EaBaseBoard.a(rgb.o)
 .debug_ranges  0x00000240       0x18 C:\Users\251486\Documents\A05\wiatrak\lpc17xx_xpr_bb_140609.zip_expanded\Lib_EaBaseBoard\Debug\libLib_EaBaseBoard.a(temp.o)
 .debug_ranges  0x00000258       0x70 C:\Users\251486\Documents\A05\wiatrak\lpc17xx_xpr_bb_140609.zip_expanded\Lib_MCU\Debug\libLib_MCU.a(lpc17xx_adc.o)
 .debug_ranges  0x000002c8       0x50 C:\Users\251486\Documents\A05\wiatrak\lpc17xx_xpr_bb_140609.zip_expanded\Lib_MCU\Debug\libLib_MCU.a(lpc17xx_clkpwr.o)
 .debug_ranges  0x00000318       0xe8 C:\Users\251486\Documents\A05\wiatrak\lpc17xx_xpr_bb_140609.zip_expanded\Lib_MCU\Debug\libLib_MCU.a(lpc17xx_gpio.o)
 .debug_ranges  0x00000400       0xc0 C:\Users\251486\Documents\A05\wiatrak\lpc17xx_xpr_bb_140609.zip_expanded\Lib_MCU\Debug\libLib_MCU.a(lpc17xx_i2c.o)
 .debug_ranges  0x000004c0       0x10 C:\Users\251486\Documents\A05\wiatrak\lpc17xx_xpr_bb_140609.zip_expanded\Lib_MCU\Debug\libLib_MCU.a(lpc17xx_libcfg_default.o)
 .debug_ranges  0x000004d0       0x38 C:\Users\251486\Documents\A05\wiatrak\lpc17xx_xpr_bb_140609.zip_expanded\Lib_MCU\Debug\libLib_MCU.a(lpc17xx_pinsel.o)
 .debug_ranges  0x00000508       0x98 C:\Users\251486\Documents\A05\wiatrak\lpc17xx_xpr_bb_140609.zip_expanded\Lib_MCU\Debug\libLib_MCU.a(lpc17xx_ssp.o)

.debug_macro    0x00000000     0x5bb4
 .debug_macro   0x00000000       0x79 ./src/cr_startup_lpc17.o
 .debug_macro   0x00000079      0xab4 ./src/cr_startup_lpc17.o
 .debug_macro   0x00000b2d       0x22 ./src/cr_startup_lpc17.o
 .debug_macro   0x00000b4f       0x8e ./src/cr_startup_lpc17.o
 .debug_macro   0x00000bdd       0x51 ./src/cr_startup_lpc17.o
 .debug_macro   0x00000c2e      0x103 ./src/cr_startup_lpc17.o
 .debug_macro   0x00000d31       0x6a ./src/cr_startup_lpc17.o
 .debug_macro   0x00000d9b      0x1df ./src/cr_startup_lpc17.o
 .debug_macro   0x00000f7a      0x118 ./src/main.o
 .debug_macro   0x00001092       0x1c ./src/main.o
 .debug_macro   0x000010ae       0x22 ./src/main.o
 .debug_macro   0x000010d0      0x7b7 ./src/main.o
 .debug_macro   0x00001887      0x2c7 ./src/main.o
 .debug_macro   0x00001b4e       0x64 ./src/main.o
 .debug_macro   0x00001bb2      0x140 ./src/main.o
 .debug_macro   0x00001cf2       0x46 ./src/main.o
 .debug_macro   0x00001d38       0xee ./src/main.o
 .debug_macro   0x00001e26      0x2a6 ./src/main.o
 .debug_macro   0x000020cc      0x192 ./src/main.o
 .debug_macro   0x0000225e       0xed ./src/main.o
 .debug_macro   0x0000234b       0x16 ./src/main.o
 .debug_macro   0x00002361       0xb2 ./src/main.o
 .debug_macro   0x00002413       0x28 ./src/main.o
 .debug_macro   0x0000243b       0x1c ./src/main.o
 .debug_macro   0x00002457      0x113 C:\Users\251486\Documents\A05\wiatrak\lpc17xx_xpr_bb_140609.zip_expanded\Lib_CMSISv1p30_LPC17xx\Debug\libCMSISv1p30_LPC17xx.a(system_LPC17xx.o)
 .debug_macro   0x0000256a      0xaae C:\Users\251486\Documents\A05\wiatrak\lpc17xx_xpr_bb_140609.zip_expanded\Lib_CMSISv1p30_LPC17xx\Debug\libCMSISv1p30_LPC17xx.a(system_LPC17xx.o)
 .debug_macro   0x00003018       0x10 C:\Users\251486\Documents\A05\wiatrak\lpc17xx_xpr_bb_140609.zip_expanded\Lib_CMSISv1p30_LPC17xx\Debug\libCMSISv1p30_LPC17xx.a(system_LPC17xx.o)
 .debug_macro   0x00003028      0x12e C:\Users\251486\Documents\A05\wiatrak\lpc17xx_xpr_bb_140609.zip_expanded\Lib_CMSISv1p30_LPC17xx\Debug\libCMSISv1p30_LPC17xx.a(system_LPC17xx.o)
 .debug_macro   0x00003156      0x5b3 C:\Users\251486\Documents\A05\wiatrak\lpc17xx_xpr_bb_140609.zip_expanded\Lib_CMSISv1p30_LPC17xx\Debug\libCMSISv1p30_LPC17xx.a(system_LPC17xx.o)
 .debug_macro   0x00003709      0x7d5 C:\Users\251486\Documents\A05\wiatrak\lpc17xx_xpr_bb_140609.zip_expanded\Lib_CMSISv1p30_LPC17xx\Debug\libCMSISv1p30_LPC17xx.a(system_LPC17xx.o)
 .debug_macro   0x00003ede       0x83 C:\Users\251486\Documents\A05\wiatrak\lpc17xx_xpr_bb_140609.zip_expanded\Lib_EaBaseBoard\Debug\libLib_EaBaseBoard.a(joystick.o)
 .debug_macro   0x00003f61       0x40 C:\Users\251486\Documents\A05\wiatrak\lpc17xx_xpr_bb_140609.zip_expanded\Lib_EaBaseBoard\Debug\libLib_EaBaseBoard.a(joystick.o)
 .debug_macro   0x00003fa1      0x126 C:\Users\251486\Documents\A05\wiatrak\lpc17xx_xpr_bb_140609.zip_expanded\Lib_EaBaseBoard\Debug\libLib_EaBaseBoard.a(light.o)
 .debug_macro   0x000040c7      0x18c C:\Users\251486\Documents\A05\wiatrak\lpc17xx_xpr_bb_140609.zip_expanded\Lib_EaBaseBoard\Debug\libLib_EaBaseBoard.a(light.o)
 .debug_macro   0x00004253       0xdd C:\Users\251486\Documents\A05\wiatrak\lpc17xx_xpr_bb_140609.zip_expanded\Lib_EaBaseBoard\Debug\libLib_EaBaseBoard.a(oled.o)
 .debug_macro   0x00004330       0x5d C:\Users\251486\Documents\A05\wiatrak\lpc17xx_xpr_bb_140609.zip_expanded\Lib_EaBaseBoard\Debug\libLib_EaBaseBoard.a(oled.o)
 .debug_macro   0x0000438d       0x83 C:\Users\251486\Documents\A05\wiatrak\lpc17xx_xpr_bb_140609.zip_expanded\Lib_EaBaseBoard\Debug\libLib_EaBaseBoard.a(rgb.o)
 .debug_macro   0x00004410       0xae C:\Users\251486\Documents\A05\wiatrak\lpc17xx_xpr_bb_140609.zip_expanded\Lib_EaBaseBoard\Debug\libLib_EaBaseBoard.a(temp.o)
 .debug_macro   0x000044be       0x1a C:\Users\251486\Documents\A05\wiatrak\lpc17xx_xpr_bb_140609.zip_expanded\Lib_EaBaseBoard\Debug\libLib_EaBaseBoard.a(font5x7.o)
 .debug_macro   0x000044d8      0x696 C:\Users\251486\Documents\A05\wiatrak\lpc17xx_xpr_bb_140609.zip_expanded\Lib_EaBaseBoard\Debug\libLib_EaBaseBoard.a(font5x7.o)
 .debug_macro   0x00004b6e       0x8c C:\Users\251486\Documents\A05\wiatrak\lpc17xx_xpr_bb_140609.zip_expanded\Lib_MCU\Debug\libLib_MCU.a(lpc17xx_adc.o)
 .debug_macro   0x00004bfa       0xe8 C:\Users\251486\Documents\A05\wiatrak\lpc17xx_xpr_bb_140609.zip_expanded\Lib_MCU\Debug\libLib_MCU.a(lpc17xx_adc.o)
 .debug_macro   0x00004ce2      0x2fa C:\Users\251486\Documents\A05\wiatrak\lpc17xx_xpr_bb_140609.zip_expanded\Lib_MCU\Debug\libLib_MCU.a(lpc17xx_adc.o)
 .debug_macro   0x00004fdc       0xda C:\Users\251486\Documents\A05\wiatrak\lpc17xx_xpr_bb_140609.zip_expanded\Lib_MCU\Debug\libLib_MCU.a(lpc17xx_adc.o)
 .debug_macro   0x000050b6       0x7a C:\Users\251486\Documents\A05\wiatrak\lpc17xx_xpr_bb_140609.zip_expanded\Lib_MCU\Debug\libLib_MCU.a(lpc17xx_clkpwr.o)
 .debug_macro   0x00005130      0x2f4 C:\Users\251486\Documents\A05\wiatrak\lpc17xx_xpr_bb_140609.zip_expanded\Lib_MCU\Debug\libLib_MCU.a(lpc17xx_clkpwr.o)
 .debug_macro   0x00005424       0x83 C:\Users\251486\Documents\A05\wiatrak\lpc17xx_xpr_bb_140609.zip_expanded\Lib_MCU\Debug\libLib_MCU.a(lpc17xx_gpio.o)
 .debug_macro   0x000054a7       0x95 C:\Users\251486\Documents\A05\wiatrak\lpc17xx_xpr_bb_140609.zip_expanded\Lib_MCU\Debug\libLib_MCU.a(lpc17xx_i2c.o)
 .debug_macro   0x0000553c      0x146 C:\Users\251486\Documents\A05\wiatrak\lpc17xx_xpr_bb_140609.zip_expanded\Lib_MCU\Debug\libLib_MCU.a(lpc17xx_i2c.o)
 .debug_macro   0x00005682       0x5a C:\Users\251486\Documents\A05\wiatrak\lpc17xx_xpr_bb_140609.zip_expanded\Lib_MCU\Debug\libLib_MCU.a(lpc17xx_libcfg_default.o)
 .debug_macro   0x000056dc       0x5e C:\Users\251486\Documents\A05\wiatrak\lpc17xx_xpr_bb_140609.zip_expanded\Lib_MCU\Debug\libLib_MCU.a(lpc17xx_libcfg_default.o)
 .debug_macro   0x0000573a       0xd4 C:\Users\251486\Documents\A05\wiatrak\lpc17xx_xpr_bb_140609.zip_expanded\Lib_MCU\Debug\libLib_MCU.a(lpc17xx_libcfg_default.o)
 .debug_macro   0x0000580e       0x7a C:\Users\251486\Documents\A05\wiatrak\lpc17xx_xpr_bb_140609.zip_expanded\Lib_MCU\Debug\libLib_MCU.a(lpc17xx_pinsel.o)
 .debug_macro   0x00005888       0x8c C:\Users\251486\Documents\A05\wiatrak\lpc17xx_xpr_bb_140609.zip_expanded\Lib_MCU\Debug\libLib_MCU.a(lpc17xx_ssp.o)
 .debug_macro   0x00005914      0x2a0 C:\Users\251486\Documents\A05\wiatrak\lpc17xx_xpr_bb_140609.zip_expanded\Lib_MCU\Debug\libLib_MCU.a(lpc17xx_ssp.o)

.debug_line     0x00000000     0x56f8
 .debug_line    0x00000000      0x462 ./src/cr_startup_lpc17.o
 .debug_line    0x00000462      0x8b0 ./src/main.o
 .debug_line    0x00000d12      0x41c C:\Users\251486\Documents\A05\wiatrak\lpc17xx_xpr_bb_140609.zip_expanded\Lib_CMSISv1p30_LPC17xx\Debug\libCMSISv1p30_LPC17xx.a(system_LPC17xx.o)
 .debug_line    0x0000112e      0x340 C:\Users\251486\Documents\A05\wiatrak\lpc17xx_xpr_bb_140609.zip_expanded\Lib_EaBaseBoard\Debug\libLib_EaBaseBoard.a(joystick.o)
 .debug_line    0x0000146e      0x573 C:\Users\251486\Documents\A05\wiatrak\lpc17xx_xpr_bb_140609.zip_expanded\Lib_EaBaseBoard\Debug\libLib_EaBaseBoard.a(light.o)
 .debug_line    0x000019e1      0x865 C:\Users\251486\Documents\A05\wiatrak\lpc17xx_xpr_bb_140609.zip_expanded\Lib_EaBaseBoard\Debug\libLib_EaBaseBoard.a(oled.o)
 .debug_line    0x00002246      0x31c C:\Users\251486\Documents\A05\wiatrak\lpc17xx_xpr_bb_140609.zip_expanded\Lib_EaBaseBoard\Debug\libLib_EaBaseBoard.a(rgb.o)
 .debug_line    0x00002562      0x36e C:\Users\251486\Documents\A05\wiatrak\lpc17xx_xpr_bb_140609.zip_expanded\Lib_EaBaseBoard\Debug\libLib_EaBaseBoard.a(temp.o)
 .debug_line    0x000028d0       0x9e C:\Users\251486\Documents\A05\wiatrak\lpc17xx_xpr_bb_140609.zip_expanded\Lib_EaBaseBoard\Debug\libLib_EaBaseBoard.a(font5x7.o)
 .debug_line    0x0000296e      0x591 C:\Users\251486\Documents\A05\wiatrak\lpc17xx_xpr_bb_140609.zip_expanded\Lib_MCU\Debug\libLib_MCU.a(lpc17xx_adc.o)
 .debug_line    0x00002eff      0x426 C:\Users\251486\Documents\A05\wiatrak\lpc17xx_xpr_bb_140609.zip_expanded\Lib_MCU\Debug\libLib_MCU.a(lpc17xx_clkpwr.o)
 .debug_line    0x00003325      0x78c C:\Users\251486\Documents\A05\wiatrak\lpc17xx_xpr_bb_140609.zip_expanded\Lib_MCU\Debug\libLib_MCU.a(lpc17xx_gpio.o)
 .debug_line    0x00003ab1      0xd73 C:\Users\251486\Documents\A05\wiatrak\lpc17xx_xpr_bb_140609.zip_expanded\Lib_MCU\Debug\libLib_MCU.a(lpc17xx_i2c.o)
 .debug_line    0x00004824      0x208 C:\Users\251486\Documents\A05\wiatrak\lpc17xx_xpr_bb_140609.zip_expanded\Lib_MCU\Debug\libLib_MCU.a(lpc17xx_libcfg_default.o)
 .debug_line    0x00004a2c      0x3b3 C:\Users\251486\Documents\A05\wiatrak\lpc17xx_xpr_bb_140609.zip_expanded\Lib_MCU\Debug\libLib_MCU.a(lpc17xx_pinsel.o)
 .debug_line    0x00004ddf      0x919 C:\Users\251486\Documents\A05\wiatrak\lpc17xx_xpr_bb_140609.zip_expanded\Lib_MCU\Debug\libLib_MCU.a(lpc17xx_ssp.o)

.debug_str      0x00000000    0x10beb
 .debug_str     0x00000000     0x3ce4 ./src/cr_startup_lpc17.o
                               0x3e45 (size before relaxing)
 .debug_str     0x00003ce4     0x7d45 ./src/main.o
                               0xba80 (size before relaxing)
 .debug_str     0x0000ba29     0x1a86 C:\Users\251486\Documents\A05\wiatrak\lpc17xx_xpr_bb_140609.zip_expanded\Lib_CMSISv1p30_LPC17xx\Debug\libCMSISv1p30_LPC17xx.a(system_LPC17xx.o)
                               0x887a (size before relaxing)
 .debug_str     0x0000d4af       0x9f C:\Users\251486\Documents\A05\wiatrak\lpc17xx_xpr_bb_140609.zip_expanded\Lib_EaBaseBoard\Debug\libLib_EaBaseBoard.a(joystick.o)
                               0x88f2 (size before relaxing)
 .debug_str     0x0000d54e      0x502 C:\Users\251486\Documents\A05\wiatrak\lpc17xx_xpr_bb_140609.zip_expanded\Lib_EaBaseBoard\Debug\libLib_EaBaseBoard.a(light.o)
                               0x949e (size before relaxing)
 .debug_str     0x0000da50      0x38e C:\Users\251486\Documents\A05\wiatrak\lpc17xx_xpr_bb_140609.zip_expanded\Lib_EaBaseBoard\Debug\libLib_EaBaseBoard.a(oled.o)
                               0xa54d (size before relaxing)
 .debug_str     0x0000ddde       0x15 C:\Users\251486\Documents\A05\wiatrak\lpc17xx_xpr_bb_140609.zip_expanded\Lib_EaBaseBoard\Debug\libLib_EaBaseBoard.a(rgb.o)
                               0x88af (size before relaxing)
 .debug_str     0x0000ddf3       0xda C:\Users\251486\Documents\A05\wiatrak\lpc17xx_xpr_bb_140609.zip_expanded\Lib_EaBaseBoard\Debug\libLib_EaBaseBoard.a(temp.o)
                               0x894c (size before relaxing)
 .debug_str     0x0000decd      0xe21 C:\Users\251486\Documents\A05\wiatrak\lpc17xx_xpr_bb_140609.zip_expanded\Lib_EaBaseBoard\Debug\libLib_EaBaseBoard.a(font5x7.o)
                               0x3c0b (size before relaxing)
 .debug_str     0x0000ecee     0x14cc C:\Users\251486\Documents\A05\wiatrak\lpc17xx_xpr_bb_140609.zip_expanded\Lib_MCU\Debug\libLib_MCU.a(lpc17xx_adc.o)
                               0xa46e (size before relaxing)
 .debug_str     0x000101ba       0xaa C:\Users\251486\Documents\A05\wiatrak\lpc17xx_xpr_bb_140609.zip_expanded\Lib_MCU\Debug\libLib_MCU.a(lpc17xx_clkpwr.o)
                               0x9a6e (size before relaxing)
 .debug_str     0x00010264      0x3eb C:\Users\251486\Documents\A05\wiatrak\lpc17xx_xpr_bb_140609.zip_expanded\Lib_MCU\Debug\libLib_MCU.a(lpc17xx_gpio.o)
                               0x8dd8 (size before relaxing)
 .debug_str     0x0001064f      0x313 C:\Users\251486\Documents\A05\wiatrak\lpc17xx_xpr_bb_140609.zip_expanded\Lib_MCU\Debug\libLib_MCU.a(lpc17xx_i2c.o)
                               0xade6 (size before relaxing)
 .debug_str     0x00010962       0x25 C:\Users\251486\Documents\A05\wiatrak\lpc17xx_xpr_bb_140609.zip_expanded\Lib_MCU\Debug\libLib_MCU.a(lpc17xx_libcfg_default.o)
                               0x47b8 (size before relaxing)
 .debug_str     0x00010987       0xe5 C:\Users\251486\Documents\A05\wiatrak\lpc17xx_xpr_bb_140609.zip_expanded\Lib_MCU\Debug\libLib_MCU.a(lpc17xx_pinsel.o)
                               0x8cff (size before relaxing)
 .debug_str     0x00010a6c      0x17f C:\Users\251486\Documents\A05\wiatrak\lpc17xx_xpr_bb_140609.zip_expanded\Lib_MCU\Debug\libLib_MCU.a(lpc17xx_ssp.o)
                               0xac8d (size before relaxing)

.comment        0x00000000       0x45
 .comment       0x00000000       0x45 ./src/cr_startup_lpc17.o
                                 0x46 (size before relaxing)
 .comment       0x00000045       0x46 ./src/main.o
 .comment       0x00000045       0x46 C:\Users\251486\Documents\A05\wiatrak\lpc17xx_xpr_bb_140609.zip_expanded\Lib_CMSISv1p30_LPC17xx\Debug\libCMSISv1p30_LPC17xx.a(system_LPC17xx.o)
 .comment       0x00000045       0x46 C:\Users\251486\Documents\A05\wiatrak\lpc17xx_xpr_bb_140609.zip_expanded\Lib_EaBaseBoard\Debug\libLib_EaBaseBoard.a(joystick.o)
 .comment       0x00000045       0x46 C:\Users\251486\Documents\A05\wiatrak\lpc17xx_xpr_bb_140609.zip_expanded\Lib_EaBaseBoard\Debug\libLib_EaBaseBoard.a(light.o)
 .comment       0x00000045       0x46 C:\Users\251486\Documents\A05\wiatrak\lpc17xx_xpr_bb_140609.zip_expanded\Lib_EaBaseBoard\Debug\libLib_EaBaseBoard.a(oled.o)
 .comment       0x00000045       0x46 C:\Users\251486\Documents\A05\wiatrak\lpc17xx_xpr_bb_140609.zip_expanded\Lib_EaBaseBoard\Debug\libLib_EaBaseBoard.a(rgb.o)
 .comment       0x00000045       0x46 C:\Users\251486\Documents\A05\wiatrak\lpc17xx_xpr_bb_140609.zip_expanded\Lib_EaBaseBoard\Debug\libLib_EaBaseBoard.a(temp.o)
 .comment       0x00000045       0x46 C:\Users\251486\Documents\A05\wiatrak\lpc17xx_xpr_bb_140609.zip_expanded\Lib_EaBaseBoard\Debug\libLib_EaBaseBoard.a(font5x7.o)
 .comment       0x00000045       0x46 C:\Users\251486\Documents\A05\wiatrak\lpc17xx_xpr_bb_140609.zip_expanded\Lib_MCU\Debug\libLib_MCU.a(lpc17xx_adc.o)
 .comment       0x00000045       0x46 C:\Users\251486\Documents\A05\wiatrak\lpc17xx_xpr_bb_140609.zip_expanded\Lib_MCU\Debug\libLib_MCU.a(lpc17xx_clkpwr.o)
 .comment       0x00000045       0x46 C:\Users\251486\Documents\A05\wiatrak\lpc17xx_xpr_bb_140609.zip_expanded\Lib_MCU\Debug\libLib_MCU.a(lpc17xx_gpio.o)
 .comment       0x00000045       0x46 C:\Users\251486\Documents\A05\wiatrak\lpc17xx_xpr_bb_140609.zip_expanded\Lib_MCU\Debug\libLib_MCU.a(lpc17xx_i2c.o)
 .comment       0x00000045       0x46 C:\Users\251486\Documents\A05\wiatrak\lpc17xx_xpr_bb_140609.zip_expanded\Lib_MCU\Debug\libLib_MCU.a(lpc17xx_libcfg_default.o)
 .comment       0x00000045       0x46 C:\Users\251486\Documents\A05\wiatrak\lpc17xx_xpr_bb_140609.zip_expanded\Lib_MCU\Debug\libLib_MCU.a(lpc17xx_pinsel.o)
 .comment       0x00000045       0x46 C:\Users\251486\Documents\A05\wiatrak\lpc17xx_xpr_bb_140609.zip_expanded\Lib_MCU\Debug\libLib_MCU.a(lpc17xx_ssp.o)

.ARM.attributes
                0x00000000       0x2d
 .ARM.attributes
                0x00000000       0x2d ./src/cr_startup_lpc17.o
 .ARM.attributes
                0x0000002d       0x2d ./src/main.o
 .ARM.attributes
                0x0000005a       0x2d C:\Users\251486\Documents\A05\wiatrak\lpc17xx_xpr_bb_140609.zip_expanded\Lib_CMSISv1p30_LPC17xx\Debug\libCMSISv1p30_LPC17xx.a(system_LPC17xx.o)
 .ARM.attributes
                0x00000087       0x2d C:\Users\251486\Documents\A05\wiatrak\lpc17xx_xpr_bb_140609.zip_expanded\Lib_EaBaseBoard\Debug\libLib_EaBaseBoard.a(joystick.o)
 .ARM.attributes
                0x000000b4       0x2d C:\Users\251486\Documents\A05\wiatrak\lpc17xx_xpr_bb_140609.zip_expanded\Lib_EaBaseBoard\Debug\libLib_EaBaseBoard.a(light.o)
 .ARM.attributes
                0x000000e1       0x2d C:\Users\251486\Documents\A05\wiatrak\lpc17xx_xpr_bb_140609.zip_expanded\Lib_EaBaseBoard\Debug\libLib_EaBaseBoard.a(oled.o)
 .ARM.attributes
                0x0000010e       0x2d C:\Users\251486\Documents\A05\wiatrak\lpc17xx_xpr_bb_140609.zip_expanded\Lib_EaBaseBoard\Debug\libLib_EaBaseBoard.a(rgb.o)
 .ARM.attributes
                0x0000013b       0x2d C:\Users\251486\Documents\A05\wiatrak\lpc17xx_xpr_bb_140609.zip_expanded\Lib_EaBaseBoard\Debug\libLib_EaBaseBoard.a(temp.o)
 .ARM.attributes
                0x00000168       0x2d C:\Users\251486\Documents\A05\wiatrak\lpc17xx_xpr_bb_140609.zip_expanded\Lib_EaBaseBoard\Debug\libLib_EaBaseBoard.a(font5x7.o)
 .ARM.attributes
                0x00000195       0x2d C:\Users\251486\Documents\A05\wiatrak\lpc17xx_xpr_bb_140609.zip_expanded\Lib_MCU\Debug\libLib_MCU.a(lpc17xx_adc.o)
 .ARM.attributes
                0x000001c2       0x2d C:\Users\251486\Documents\A05\wiatrak\lpc17xx_xpr_bb_140609.zip_expanded\Lib_MCU\Debug\libLib_MCU.a(lpc17xx_clkpwr.o)
 .ARM.attributes
                0x000001ef       0x2d C:\Users\251486\Documents\A05\wiatrak\lpc17xx_xpr_bb_140609.zip_expanded\Lib_MCU\Debug\libLib_MCU.a(lpc17xx_gpio.o)
 .ARM.attributes
                0x0000021c       0x2d C:\Users\251486\Documents\A05\wiatrak\lpc17xx_xpr_bb_140609.zip_expanded\Lib_MCU\Debug\libLib_MCU.a(lpc17xx_i2c.o)
 .ARM.attributes
                0x00000249       0x2d C:\Users\251486\Documents\A05\wiatrak\lpc17xx_xpr_bb_140609.zip_expanded\Lib_MCU\Debug\libLib_MCU.a(lpc17xx_libcfg_default.o)
 .ARM.attributes
                0x00000276       0x2d C:\Users\251486\Documents\A05\wiatrak\lpc17xx_xpr_bb_140609.zip_expanded\Lib_MCU\Debug\libLib_MCU.a(lpc17xx_pinsel.o)
 .ARM.attributes
                0x000002a3       0x2d C:\Users\251486\Documents\A05\wiatrak\lpc17xx_xpr_bb_140609.zip_expanded\Lib_MCU\Debug\libLib_MCU.a(lpc17xx_ssp.o)
 .ARM.attributes
                0x000002d0       0x2d c:/nxp/mcuxpressoide_11.9.1_2170/ide/plugins/com.nxp.mcuxpresso.tools.win32_11.9.1.202402080819/tools/bin/../lib/gcc/arm-none-eabi/12.3.1/thumb/v7-m/nofp\libc.a(libc_a-memset.o)

.debug_frame    0x00000000     0x1830
 .debug_frame   0x00000000      0x120 ./src/cr_startup_lpc17.o
 .debug_frame   0x00000120      0x268 ./src/main.o
 .debug_frame   0x00000388       0x64 C:\Users\251486\Documents\A05\wiatrak\lpc17xx_xpr_bb_140609.zip_expanded\Lib_CMSISv1p30_LPC17xx\Debug\libCMSISv1p30_LPC17xx.a(system_LPC17xx.o)
 .debug_frame   0x000003ec       0x50 C:\Users\251486\Documents\A05\wiatrak\lpc17xx_xpr_bb_140609.zip_expanded\Lib_EaBaseBoard\Debug\libLib_EaBaseBoard.a(joystick.o)
 .debug_frame   0x0000043c      0x24c C:\Users\251486\Documents\A05\wiatrak\lpc17xx_xpr_bb_140609.zip_expanded\Lib_EaBaseBoard\Debug\libLib_EaBaseBoard.a(light.o)
 .debug_frame   0x00000688      0x244 C:\Users\251486\Documents\A05\wiatrak\lpc17xx_xpr_bb_140609.zip_expanded\Lib_EaBaseBoard\Debug\libLib_EaBaseBoard.a(oled.o)
 .debug_frame   0x000008cc       0x50 C:\Users\251486\Documents\A05\wiatrak\lpc17xx_xpr_bb_140609.zip_expanded\Lib_EaBaseBoard\Debug\libLib_EaBaseBoard.a(rgb.o)
 .debug_frame   0x0000091c       0x58 C:\Users\251486\Documents\A05\wiatrak\lpc17xx_xpr_bb_140609.zip_expanded\Lib_EaBaseBoard\Debug\libLib_EaBaseBoard.a(temp.o)
 .debug_frame   0x00000974      0x1e8 C:\Users\251486\Documents\A05\wiatrak\lpc17xx_xpr_bb_140609.zip_expanded\Lib_MCU\Debug\libLib_MCU.a(lpc17xx_adc.o)
 .debug_frame   0x00000b5c      0x13c C:\Users\251486\Documents\A05\wiatrak\lpc17xx_xpr_bb_140609.zip_expanded\Lib_MCU\Debug\libLib_MCU.a(lpc17xx_clkpwr.o)
 .debug_frame   0x00000c98      0x428 C:\Users\251486\Documents\A05\wiatrak\lpc17xx_xpr_bb_140609.zip_expanded\Lib_MCU\Debug\libLib_MCU.a(lpc17xx_gpio.o)
 .debug_frame   0x000010c0      0x37c C:\Users\251486\Documents\A05\wiatrak\lpc17xx_xpr_bb_140609.zip_expanded\Lib_MCU\Debug\libLib_MCU.a(lpc17xx_i2c.o)
 .debug_frame   0x0000143c       0x2c C:\Users\251486\Documents\A05\wiatrak\lpc17xx_xpr_bb_140609.zip_expanded\Lib_MCU\Debug\libLib_MCU.a(lpc17xx_libcfg_default.o)
 .debug_frame   0x00001468       0xfc C:\Users\251486\Documents\A05\wiatrak\lpc17xx_xpr_bb_140609.zip_expanded\Lib_MCU\Debug\libLib_MCU.a(lpc17xx_pinsel.o)
 .debug_frame   0x00001564      0x2a0 C:\Users\251486\Documents\A05\wiatrak\lpc17xx_xpr_bb_140609.zip_expanded\Lib_MCU\Debug\libLib_MCU.a(lpc17xx_ssp.o)
 .debug_frame   0x00001804       0x2c c:/nxp/mcuxpressoide_11.9.1_2170/ide/plugins/com.nxp.mcuxpresso.tools.win32_11.9.1.202402080819/tools/bin/../lib/gcc/arm-none-eabi/12.3.1/thumb/v7-m/nofp\libc.a(libc_a-memset.o)
